
> audit
> tsx src/cli.ts --config ./chaoslens.config.acceptance.ts --output ./artifacts/acceptance --verbose

ChaosLens
✓ Solari Sandbox created (ZGVza3RvcC1wb29sLWktMDc1OGNhMDE0MTI4MGQwNjM6dm1fMDAwMDI0OmNtdGs0NGg4ZjAwbDZvMjAxZ29rOTg5NHY6MTc4ODM1ODc2NTg1NA.9stbP1jVukT1QX4QFS1ylvMNTl5r00Z6cn4b4AtTess)
✓ Repository cloned
  install: npm install --no-audit --no-fund
✓ Dependencies installed
  start: node server.js
  healthy: https://8b59e8ff8b9d418f78fe-3000.preview.getsolari.com?pt_token=eyJzYW5kYm94SWQiOiJaR1Z6YTNSdmNDMXdiMjlzTFdrdE1EYzFPR05oTURFME1USTRNR1F3TmpNNmRtMWZNREF3TURJME9tTnRkR3MwTkdnNFpqQXdiRFp2TWpBeFoyOXJPVGc1TkhZNk1UYzRPRE0xT0RjMk5UZzFOQS45c3RiUDFqVnVrVDFRWDRRRlMxeWx2TU5UbDVyMDBaNmNuNGI0QXRUZXNzIiwicG9ydCI6MzAwMCwib3JnSWQiOiJjbXRrNDRoOGYwMGw2bzIwMWdvazk4OTR2IiwiZXhwIjoxNzg4MzYyMzcyNDQzfQ.NHehmUy23_z3bOVwDV1pThVzzQQjJEwZi8c1oqtvp7E/health
✓ Application ready
✓ Sandbox snapshot created (snap_dl4wa07v9308)

Baseline
✗ Baseline error: BROWSER_CREATE: browser session has no default context
  sandbox killed
file:///E:/Ronald/05-Personal/03-chaoslens/examples/chaoslens/node_modules/@solarisdk/core/dist/transport.js:206
        this.#failAll(new ConnectionError("Control channel closed"));
                      ^

ConnectionError: Control channel closed
    at ControlChannel.close (E:\Ronald\05-Personal\03-chaoslens\examples\chaoslens\node_modules\@solarisdk\core\src\transport.ts:258:19)
    at Sandbox.close (E:\Ronald\05-Personal\03-chaoslens\examples\chaoslens\node_modules\@solarisdk\core\src\handle.ts:132:18)
    at Sandbox.kill (E:\Ronald\05-Personal\03-chaoslens\examples\chaoslens\node_modules\@solarisdk\core\src\handle.ts:754:10)
    at process.processTicksAndRejections (node:internal/process/task_queues:104:5)
    at async runAudit (E:\Ronald\05-Personal\03-chaoslens\examples\chaoslens\src\orchestrator.ts:227:9)
    at async main (E:\Ronald\05-Personal\03-chaoslens\examples\chaoslens\src\cli.ts:82:22)
    at async <anonymous> (E:\Ronald\05-Personal\03-chaoslens\examples\chaoslens\src\cli.ts:86:1)

Node.js v24.15.0
